files/72.csv
id,week,center_id,meal_id,checkout_price,base_price,emailer_for_promotion,homepage_featured,num_orders
1449357,1,72,1778,182.36,184.36,0,0,204
1274406,2,72,1778,182.39,183.39,0,0,298
1040034,3,72,1778,185.33,185.33,0,0,257
1489934,4,72,1778,182.39,181.39,0,0,311
1250967,5,72,1778,183.33,185.33,0,0,244
1248701,6,72,1778,150.38,184.33,0,0,485
1107930,7,72,1778,159.08,184.33,0,0,392
1433499,8,72,1778,162.02,183.33,0,0,109
1276342,9,72,1778,161.99,184.33,0,0,406
1290568,10,72,1778,162.02,183.33,0,0,312
1107627,11,72,1778,162.02,185.33,0,0,393
1483320,12,72,1778,179.48,179.48,0,0,271
1133188,13,72,1778,182.39,182.39,0,0,310
1418944,14,72,1778,182.39,182.39,0,0,231
1278555,15,72,1778,180.45,179.45,0,0,365
1193445,16,72,1778,164.96,164.96,0,0,188
1330423,17,72,1778,161.02,164.96,1,0,350
1075746,18,72,1778,160.05,161.05,0,0,553
1369529,19,72,1778,162.05,162.05,0,0,458
1189013,20,72,1778,161.05,162.05,0,0,755
1022479,21,72,1778,160.05,160.05,0,0,460
1411512,22,72,1778,162.02,161.02,0,0,662
1370360,23,72,1778,159.08,159.08,0,0,742
1168755,24,72,1778,184.36,182.36,0,0,216
1282894,25,72,1778,183.36,183.36,0,0,391
1168153,26,72,1778,182.42,180.42,0,0,379
1142805,27,72,1778,184.36,183.36,0,0,365
1253978,28,72,1778,183.36,184.36,0,0,365
1073974,29,72,1778,182.36,182.36,0,0,244
1241431,30,72,1778,161.99,184.36,0,0,500
1240165,31,72,1778,162.02,183.36,0,0,594
1158293,32,72,1778,161.05,182.36,1,0,405
1032997,33,72,1778,161.02,182.36,0,0,593
1143345,34,72,1778,162.99,182.36,0,0,526
1121543,35,72,1778,158.11,183.36,0,0,647
1336888,36,72,1778,162.05,183.36,0,0,512
1136511,37,72,1778,185.33,184.33,0,0,337
1129248,38,72,1778,179.51,177.51,0,0,40
1254610,39,72,1778,180.45,179.45,0,0,256
1163560,40,72,1778,183.33,184.33,0,0,338
1469308,41,72,1778,185.33,185.33,0,0,189
1266699,42,72,1778,184.33,185.33,0,0,339
1110812,43,72,1778,183.39,183.39,0,0,285
1180739,44,72,1778,184.36,182.36,0,0,377
1009758,45,72,1778,159.11,183.36,0,0,323
1345448,46,72,1778,160.08,183.36,0,0,418
1018650,47,72,1778,159.08,182.36,0,0,338
1071222,48,72,1778,182.36,184.36,0,0,283
1471756,49,72,1778,182.36,183.36,0,0,190
1116515,50,72,1778,182.42,182.42,0,0,271
1379868,51,72,1778,182.39,182.39,0,0,150
1399446,52,72,1778,183.36,182.36,0,0,366
1435079,53,72,1778,184.36,182.36,0,0,352
1202110,54,72,1778,183.33,183.33,0,0,149
1357098,55,72,1778,184.33,183.33,0,0,269
1022459,56,72,1778,179.51,179.51,0,0,257
1036566,57,72,1778,159.14,178.51,0,0,689
1055931,58,72,1778,159.11,179.51,0,0,568
1461308,59,72,1778,159.14,177.51,0,0,541
1188677,60,72,1778,158.17,177.51,0,0,431
1167921,61,72,1778,161.02,161.02,0,0,378
1173394,62,72,1778,177.51,179.51,0,0,80
1320370,63,72,1778,184.33,185.33,0,0,177
1087050,64,72,1778,185.33,183.33,0,0,109
1474308,65,72,1778,161.02,183.33,0,0,350
1002812,66,72,1778,159.11,183.33,0,0,339
1054334,67,72,1778,161.02,185.33,0,0,338
1143423,68,72,1778,161.05,185.33,0,0,297
1041915,69,72,1778,184.36,184.36,0,0,204
1184127,70,72,1778,179.45,180.45,0,0,107
1316868,71,72,1778,182.42,182.42,0,0,296
1145920,72,72,1778,183.36,182.36,0,0,284
1078360,73,72,1778,185.33,185.33,0,0,188
1471437,74,72,1778,184.33,185.33,0,0,257
1475871,75,72,1778,183.33,183.33,0,0,216
1162462,76,72,1778,185.33,184.33,0,0,257
1305652,77,72,1778,184.33,185.33,0,0,256
1373075,78,72,1778,181.42,182.42,0,0,418
1452417,79,72,1778,181.39,182.39,0,0,324
1019581,80,72,1778,185.33,185.33,0,0,298
1181817,81,72,1778,185.33,184.33,0,0,339
1156962,82,72,1778,184.36,182.36,0,0,379
1333061,83,72,1778,162.02,184.36,0,0,337
1009121,84,72,1778,182.39,183.39,0,0,338
1304296,85,72,1778,178.54,178.54,0,0,271
1133568,86,72,1778,181.39,181.39,0,0,229
1063315,87,72,1778,182.36,183.36,0,0,433
1203286,88,72,1778,166.84,166.84,0,0,514
1105198,89,72,1778,160.08,160.08,0,0,528
1009082,90,72,1778,162.05,162.05,0,0,419
1348990,91,72,1778,161.02,163.02,0,0,352
1287782,92,72,1778,160.05,162.05,0,0,567
1312478,93,72,1778,162.02,162.02,0,0,528
1418391,94,72,1778,162.02,163.02,0,0,338
1086636,95,72,1778,161.05,160.05,0,0,379
1459104,96,72,1778,161.99,162.99,0,0,622
1371657,97,72,1778,162.05,160.05,0,0,122
1118597,98,72,1778,161.05,161.05,0,0,296
1322126,99,72,1778,161.99,163.99,0,0,176
1032804,100,72,1778,160.05,162.05,0,0,352
1208359,101,72,1778,161.99,163.99,0,0,216
1157516,102,72,1778,161.02,163.02,0,0,352
1068882,103,72,1778,163.99,161.99,0,0,203
1274544,104,72,1778,162.02,161.02,0,0,474
1431144,105,72,1778,161.05,160.05,0,0,635
1194856,106,72,1778,163.02,161.02,0,0,811
1045142,107,72,1778,161.02,163.02,0,0,635
1119985,108,72,1778,163.02,163.02,0,0,379
1244634,109,72,1778,182.42,180.42,0,0,742
1156347,110,72,1778,184.36,183.36,0,0,501
1162963,111,72,1778,182.36,184.36,0,0,392
1319149,112,72,1778,179.48,179.48,0,0,447
1227050,113,72,1778,161.99,179.48,0,1,701
1238066,114,72,1778,160.05,180.48,1,1,379
1164891,115,72,1778,161.02,180.48,0,1,433
1460305,116,72,1778,160.05,179.48,1,1,485
1448429,117,72,1778,183.33,178.48,0,1,541
1499933,118,72,1778,183.33,184.33,0,0,431
1124490,119,72,1778,194.03,195.03,0,0,311
1415389,120,72,1778,194.03,194.03,0,0,364
1059631,121,72,1778,192.09,192.09,0,0,312
1490094,122,72,1778,192.06,192.06,0,0,433
1454631,123,72,1778,191.12,192.12,0,0,81
1154040,124,72,1778,195.03,193.03,0,0,351
1267059,125,72,1778,194.06,192.06,0,0,433
1097046,126,72,1778,194.06,192.06,0,0,514
1480357,127,72,1778,193.03,194.03,0,0,528
1194721,128,72,1778,185.27,185.27,0,0,540
1103042,129,72,1778,192.09,192.09,0,0,460
1393707,130,72,1778,191.12,191.12,0,0,487
1305826,131,72,1778,193.06,193.06,0,0,393
1152037,132,72,1778,161.99,192.06,0,0,352
1162457,133,72,1778,161.02,194.06,0,0,582
1198165,134,72,1778,161.02,194.06,0,0,501
1381405,135,72,1778,191.09,193.09,0,0,447
1268338,136,72,1778,191.09,191.09,0,0,325
1381210,137,72,1778,191.15,190.15,0,0,296
1096305,138,72,1778,192.12,190.12,0,0,312
1446158,139,72,1778,192.12,191.12,0,0,366
1322334,140,72,1778,191.09,193.09,0,0,378
1356185,141,72,1778,191.12,191.12,0,0,352
1291034,142,72,1778,190.18,189.18,0,0,404
1474752,143,72,1778,190.12,192.12,0,0,501
1467547,144,72,1778,192.12,192.12,0,0,620
1255987,145,72,1778,193.06,194.06,0,0,377
1242510,1,72,1062,183.39,182.39,0,0,474
1122995,2,72,1062,183.33,184.33,0,0,323
1319475,3,72,1062,185.33,184.33,0,0,271
1416777,4,72,1062,182.39,183.39,0,0,339
1421923,5,72,1062,184.36,182.36,0,0,392
1301512,6,72,1062,158.17,183.36,0,0,365
1496762,7,72,1062,157.17,182.36,0,0,188
1401066,8,72,1062,159.11,183.36,0,0,203
1236213,9,72,1062,161.05,183.36,0,0,594
1195733,10,72,1062,162.99,183.36,0,0,620
1317413,11,72,1062,163.99,182.36,0,0,663
1243967,12,72,1062,182.42,180.42,0,0,270
1196455,13,72,1062,185.33,185.33,0,0,433
1321146,14,72,1062,179.51,177.51,0,0,204
1106549,15,72,1062,183.36,182.36,0,0,190
1227004,16,72,1062,184.33,184.33,0,0,283
1190180,17,72,1062,162.99,184.33,1,1,823
1078275,18,72,1062,163.96,184.33,0,0,553
1389446,19,72,1062,162.96,183.33,0,0,527
1147376,20,72,1062,159.08,184.33,0,0,447
1421828,21,72,1062,162.05,183.33,0,0,419
1279296,22,72,1062,161.05,183.33,0,0,607
1399513,23,72,1062,162.02,185.33,0,0,729
1205165,24,72,1062,183.39,182.39,0,0,325
1082673,25,72,1062,181.39,181.39,0,0,325
1134938,26,72,1062,183.36,182.36,0,0,406
1425312,27,72,1062,182.39,181.39,0,0,379
1419302,28,72,1062,185.33,183.33,0,0,378
1123139,29,72,1062,182.36,184.36,0,0,310
1498233,30,72,1062,164.96,183.36,0,0,431
1348445,31,72,1062,161.05,182.36,0,0,701
1094956,32,72,1062,162.02,182.36,1,0,675
1114162,33,72,1062,162.99,184.36,0,0,620
1153147,34,72,1062,159.08,184.36,0,0,485
1424280,35,72,1062,161.05,182.36,0,0,553
1197343,36,72,1062,163.02,182.36,0,0,621
1098105,37,72,1062,182.39,183.39,0,0,283
1356334,38,72,1062,181.39,181.39,0,0,472
1283895,39,72,1062,182.36,183.36,0,0,365
1059556,40,72,1062,183.33,184.33,0,0,513
1409029,41,72,1062,182.39,181.39,0,0,472
1095211,42,72,1062,183.33,183.33,0,0,500
1265311,43,72,1062,183.33,185.33,0,0,339
1250474,44,72,1062,180.42,182.42,0,0,350
1006783,45,72,1062,161.02,182.42,0,0,690
1347779,46,72,1062,163.02,181.42,0,0,528
1254758,47,72,1062,159.08,180.42,0,0,379
1107921,48,72,1062,183.39,181.39,0,0,379
1221431,49,72,1062,183.36,184.36,0,0,297
1402656,50,72,1062,182.39,182.39,0,0,432
1219426,51,72,1062,181.42,182.42,0,0,55
1321260,52,72,1062,183.36,182.36,0,0,514
1124728,53,72,1062,185.33,184.33,0,0,472
1308236,54,72,1062,183.39,183.39,0,0,149
1292969,55,72,1062,183.36,182.36,0,0,338
1033214,56,72,1062,182.36,182.36,0,0,378
1181344,57,72,1062,162.05,182.36,0,0,607
1302978,58,72,1062,161.05,182.36,0,0,729
1365160,59,72,1062,161.05,182.36,0,0,622
1492250,60,72,1062,163.02,184.36,0,0,513
1189642,61,72,1062,159.08,183.36,0,0,864
1268478,62,72,1062,184.33,183.33,0,0,148
1418107,63,72,1062,184.36,182.36,0,0,447
1191009,64,72,1062,181.45,180.45,0,0,365
1255472,65,72,1062,159.08,180.45,0,0,595
1325724,66,72,1062,162.02,179.45,0,0,391
1196349,67,72,1062,163.99,163.99,0,0,689
1351612,68,72,1062,160.08,161.08,0,0,554
1015632,69,72,1062,183.33,184.33,0,0,229
1200102,70,72,1062,181.39,182.39,0,0,242
1253509,71,72,1062,185.33,184.33,0,0,256
1275545,72,72,1062,182.39,183.39,0,0,458
1030172,73,72,1062,184.36,183.36,0,0,431
1053915,74,72,1062,184.36,182.36,0,0,499
1063905,75,72,1062,181.39,181.39,0,0,446
1483092,76,72,1062,183.33,185.33,0,0,310
1128186,77,72,1062,180.42,181.42,0,0,352
1159857,78,72,1062,183.36,183.36,0,0,420
1483230,79,72,1062,183.36,183.36,0,0,473
1205989,80,72,1062,178.48,180.48,0,0,447
1438908,81,72,1062,177.51,179.51,0,0,392
1336374,82,72,1062,185.33,183.33,0,0,473
1313831,83,72,1062,165.9,185.33,0,0,717
1382198,84,72,1062,184.36,182.36,0,0,580
1095776,85,72,1062,181.39,183.39,0,0,366
1272185,86,72,1062,182.36,184.36,0,0,433
1131630,87,72,1062,183.33,183.33,0,0,486
1330864,88,72,1062,166.87,166.87,0,0,567
1108946,89,72,1062,163.02,161.02,0,0,568
1099383,90,72,1062,160.05,162.05,0,0,431
1004913,91,72,1062,163.99,163.99,0,0,676
1167697,92,72,1062,160.08,161.08,0,0,312
1475746,93,72,1062,162.99,163.99,0,0,256
1035068,94,72,1062,160.05,160.05,0,0,405
1048989,95,72,1062,160.08,160.08,0,0,405
1193721,96,72,1062,161.99,161.99,0,0,609
1156526,97,72,1062,159.08,161.08,0,0,94
1138468,98,72,1062,161.05,162.05,0,0,420
1064925,99,72,1062,161.99,163.99,0,0,365
1047832,100,72,1062,162.02,162.02,0,0,838
1477189,101,72,1062,160.05,160.05,0,0,446
1051117,102,72,1062,160.05,160.05,0,0,311
1419360,103,72,1062,163.02,163.02,0,0,339
1312749,104,72,1062,161.05,162.05,0,0,607
1415809,105,72,1062,162.05,161.05,0,0,527
1499901,106,72,1062,163.02,162.02,0,0,404
1186952,107,72,1062,163.99,163.99,0,0,459
1092012,108,72,1062,162.02,163.02,0,0,337
1182922,109,72,1062,182.36,184.36,0,0,595
1394641,110,72,1062,184.36,182.36,0,0,377
1302708,111,72,1062,183.36,183.36,0,0,296
1181866,112,72,1062,182.42,181.42,0,0,351
1218755,113,72,1062,162.99,180.42,0,1,512
1344522,114,72,1062,159.08,182.42,1,1,770
1199829,115,72,1062,161.99,180.42,0,1,528
1164110,116,72,1062,161.08,180.42,1,0,513
1112345,117,72,1062,182.36,184.36,0,0,487
1266105,118,72,1062,182.39,181.39,0,0,485
1478826,119,72,1062,191.09,193.09,0,0,499
1196624,120,72,1062,192.09,192.09,0,0,473
1226467,121,72,1062,192.06,193.06,0,0,406
1393211,122,72,1062,188.18,189.18,0,0,513
1020311,123,72,1062,193.09,193.09,0,0,256
1006342,124,72,1062,191.12,192.12,0,0,418
1005150,125,72,1062,194.06,192.06,0,0,406
1156057,126,72,1062,191.09,191.09,0,0,674
1113263,127,72,1062,192.06,192.06,0,0,474
1047305,128,72,1062,191.12,191.12,0,0,420
1426926,129,72,1062,193.03,194.03,0,0,405
1260225,130,72,1062,193.06,194.06,0,0,514
1009840,131,72,1062,193.09,193.09,0,0,485
1428694,132,72,1062,163.02,191.09,0,0,486
1352121,133,72,1062,159.11,193.09,0,0,445
1325898,134,72,1062,161.99,191.09,0,0,474
1373291,135,72,1062,189.15,190.15,0,0,539
1255901,136,72,1062,194.03,195.03,0,0,473
1252949,137,72,1062,193.09,192.09,0,0,459
1109944,138,72,1062,192.09,192.09,0,0,364
1074918,139,72,1062,191.12,191.12,0,0,593
1123915,140,72,1062,192.06,194.06,0,0,446
1127411,141,72,1062,193.06,193.06,0,0,539
1275452,142,72,1062,192.06,192.06,0,0,446
1418790,143,72,1062,193.09,191.09,0,0,512
1273811,144,72,1062,194.03,195.03,0,0,460
1389997,145,72,1062,188.24,187.24,0,0,406
